// Vitest Snapshot v1, https://vitest.dev/guide/snapshot.html

exports[`App > renders the calculator page by default 1`] = `
<div
  data-testid="calculator-page"
  id="background"
>
  <section
    class="app-background"
  >
    <div
      class="left-section"
    >
      <h2
        class="left-section-heading"
      >
        Tax-o-tron
      </h2>
      <p
        class="left-section-description"
      >
        The free and simple online tax calculator
      </p>
      <div
        class="earth"
      />
      <div
        class="moon"
      />
    </div>
    <form
      action="#"
      class="right-form"
    >
      <h2
        class="form-heading"
      >
        Calculate your tax
      </h2>
      <div
        class="information"
      >
        <img
          alt="info"
          class="information-icon"
          src="/src/assets/information.svg"
        />
        <span
          class="information-text"
        >
          Fields marked with * are mandatory
        </span>
      </div>
      <label
        class="label-description"
        for="country"
      >
        Select your country of residence *
      </label>
      <select
        class="select-input"
      >
        <option
          value="Australia"
        >
          Australia
        </option>
        <option
          value="United States"
        >
          United States
        </option>
        <option
          value="China"
        >
          China
        </option>
        <option
          value="Canada"
        >
          Canada
        </option>
        <option
          value="New Zealand"
        >
          New Zealand
        </option>
      </select>
      <label
        class="label-description"
        for="year"
      >
        Select an income year *
      </label>
      <select
        class="select-input"
      >
        <option
          value="2020 - 2021"
        >
          2020 - 2021
        </option>
        <option
          value="2019 - 2020"
        >
          2019 - 2020
        </option>
        <option
          value="2018 - 2019"
        >
          2018 - 2019
        </option>
        <option
          value="2017 - 2018"
        >
          2017 - 2018
        </option>
      </select>
      <label
        class="label-description"
        for="amount"
      >
        Enter your total taxable income for the income year *
      </label>
      <div
        class="amount-input"
      >
        <div
          class="amount-input-sign"
        >
          $
        </div>
        <input
          class="amount-input-field"
          id="amount"
          name="amount"
          placeholder="Amount"
          type="number"
        />
        <div
          class="amount-input-foot"
        >
          .00
        </div>
      </div>
      <a
        href="/result"
      >
        <input
          class="submit"
          type="submit"
          value="Calculate"
        />
      </a>
    </form>
  </section>
</div>
`;
